============================= test session starts ==============================
platform linux -- Python 3.12.14, pytest-9.1.1, pluggy-1.6.0 -- /workspace/scratch/888b14c8d3f5/seed-venv/bin/python
cachedir: .pytest_cache
rootdir: /workspace/scratch/888b14c8d3f5/kernel
configfile: pyproject.toml
collecting ... collected 1 item
run-last-failure: rerun previous 1 failure (skipped 93 files)

tests/unit/test_cortex_traceability.py::test_examples_validate_and_are_current FAILED [100%]

=================================== FAILURES ===================================
____________________ test_examples_validate_and_are_current ____________________

    def test_examples_validate_and_are_current():
        folder = ROOT / "docs/cortex/examples"
        index = json.loads((folder / "INDEX.json").read_text(encoding="utf-8"))["contracts"]
>       assert set(index) == {p.name for p in folder.glob("*.json")} - {"INDEX.json"}
E       AssertionError: assert {'genome-form...on.json', ...} == {'genome-form...on.json', ...}
E         
E         Extra items in the right set:
E         'seed-genome-mixed.json'
E         
E         Full diff:
E           {
E               'genome-formal-z3.json',...
E         
E         ...Full output truncated (22 lines hidden), use '-vv' to show

tests/unit/test_cortex_traceability.py:166: AssertionError
=========================== short test summary info ============================
FAILED tests/unit/test_cortex_traceability.py::test_examples_validate_and_are_current
============================== 1 failed in 0.18s ===============================
